ASxxxx Linker V03.00 + NoICE + sdld,  page 1.
Hexadecimal  [32-Bits]

Area                                    Addr        Size        Decimal Bytes (Attributes)
--------------------------------        ----        ----        ------- ----- ------------
.  .ABS.                            00000000    00000000 =           0. bytes (ABS,CON)

      Value  Global                              Global Defined In Module
      -----  --------------------------------   ------------------------
     00000000  .__.ABS.                           
     00000000  l__CABS                         
     00000000  l__CODE_0                       
     00000000  l__DABS                         
     00000000  l__HEADER                       
     00000000  l__HEAP                         
     00000000  l__HRAM                         
     00000000  l__LIT                          
     00000000  l__SFR                          
     00000000  s__CABS                         
     00000000  s__DABS                         
     00000000  s__HEADER                       
     00000000  s__HEADER0                      
     00000000  s__HEADER1                      
     00000000  s__HEADER10                     
     00000000  s__HEADER2                      
     00000000  s__HEADER3                      
     00000000  s__HEADER4                      
     00000000  s__HEADER5                      
     00000000  s__HEADER6                      
     00000000  s__HEADER7                      
     00000000  s__HEADER8                      
     00000000  s__HEADER9                      
     00000000  s__HEADERa                      
     00000000  s__HEADERb                      
     00000000  s__HEADERc                      
     00000000  s__HEADERd                      
     00000000  s__HEADERe                      
     00000000  s__HEADERf                      
     00000000  s__HRAM                         
     00000000  s__HRAM11                       
     00000000  s__SFR                          
     00000000  s__SFR0                         
     00000000  s__SFR1                         
     00000000  s__SFR10                        
     00000000  s__SFR11                        
     00000000  s__SFR12                        
     00000000  s__SFR13                        
     00000000  s__SFR14                        
     00000000  s__SFR15                        
     00000000  s__SFR16                        
     00000000  s__SFR17                        
     00000000  s__SFR18                        
     00000000  s__SFR19                        
     00000000  s__SFR1a                        
     00000000  s__SFR1b                        
     00000000  s__SFR1c                        
     00000000  s__SFR1d                        
     00000000  s__SFR1e                        
     00000000  s__SFR1f                        
ASxxxx Linker V03.00 + NoICE + sdld,  page 2.
Hexadecimal  [32-Bits]

Area                                    Addr        Size        Decimal Bytes (Attributes)
--------------------------------        ----        ----        ------- ----- ------------
.  .ABS.                            00000000    00000000 =           0. bytes (ABS,CON)

      Value  Global                              Global Defined In Module
      -----  --------------------------------   ------------------------
     00000000  s__SFR2                         
     00000000  s__SFR20                        
     00000000  s__SFR21                        
     00000000  s__SFR22                        
     00000000  s__SFR23                        
     00000000  s__SFR24                        
     00000000  s__SFR25                        
     00000000  s__SFR26                        
     00000000  s__SFR27                        
     00000000  s__SFR28                        
     00000000  s__SFR29                        
     00000000  s__SFR2a                        
     00000000  s__SFR2b                        
     00000000  s__SFR2c                        
     00000000  s__SFR2d                        
     00000000  s__SFR2e                        
     00000000  s__SFR2f                        
     00000000  s__SFR3                         
     00000000  s__SFR30                        
     00000000  s__SFR31                        
     00000000  s__SFR32                        
     00000000  s__SFR33                        
     00000000  s__SFR34                        
     00000000  s__SFR35                        
     00000000  s__SFR36                        
     00000000  s__SFR4                         
     00000000  s__SFR5                         
     00000000  s__SFR6                         
     00000000  s__SFR7                         
     00000000  s__SFR8                         
     00000000  s__SFR9                         
     00000000  s__SFRa                         
     00000000  s__SFRb                         
     00000000  s__SFRc                         
     00000000  s__SFRd                         
     00000000  s__SFRe                         
     00000000  s__SFRf                         
     00000001  l__GSFINAL                      
     00000001  l__HEADER0                      
     00000001  l__HEADER10                     
     00000001  l__HEADER8                      
     00000001  l__HEADER9                      
     00000001  l__HEADERa                      
     00000001  l__HEADERc                      
     00000001  l__HEADERd                      
     00000001  l__SFR0                         
     00000001  l__SFR1                         
     00000001  l__SFR10                        
     00000001  l__SFR11                        
     00000001  l__SFR12                        
     00000001  l__SFR13                        
ASxxxx Linker V03.00 + NoICE + sdld,  page 3.
Hexadecimal  [32-Bits]

Area                                    Addr        Size        Decimal Bytes (Attributes)
--------------------------------        ----        ----        ------- ----- ------------
.  .ABS.                            00000000    00000000 =           0. bytes (ABS,CON)

      Value  Global                              Global Defined In Module
      -----  --------------------------------   ------------------------
     00000001  l__SFR14                        
     00000001  l__SFR15                        
     00000001  l__SFR16                        
     00000001  l__SFR17                        
     00000001  l__SFR18                        
     00000001  l__SFR19                        
     00000001  l__SFR1a                        
     00000001  l__SFR1b                        
     00000001  l__SFR1c                        
     00000001  l__SFR1d                        
     00000001  l__SFR1e                        
     00000001  l__SFR1f                        
     00000001  l__SFR2                         
     00000001  l__SFR20                        
     00000001  l__SFR21                        
     00000001  l__SFR22                        
     00000001  l__SFR23                        
     00000001  l__SFR24                        
     00000001  l__SFR25                        
     00000001  l__SFR26                        
     00000001  l__SFR27                        
     00000001  l__SFR28                        
     00000001  l__SFR29                        
     00000001  l__SFR2a                        
     00000001  l__SFR2b                        
     00000001  l__SFR2c                        
     00000001  l__SFR2d                        
     00000001  l__SFR2e                        
     00000001  l__SFR2f                        
     00000001  l__SFR3                         
     00000001  l__SFR30                        
     00000001  l__SFR31                        
     00000001  l__SFR32                        
     00000001  l__SFR33                        
     00000001  l__SFR34                        
     00000001  l__SFR35                        
     00000001  l__SFR36                        
     00000001  l__SFR4                         
     00000001  l__SFR5                         
     00000001  l__SFR6                         
     00000001  l__SFR7                         
     00000001  l__SFR8                         
     00000001  l__SFR9                         
     00000001  l__SFRa                         
     00000001  l__SFRb                         
     00000001  l__SFRc                         
     00000001  l__SFRd                         
     00000001  l__SFRe                         
     00000001  l__SFRf                         
     00000002  l__HEADERb                      
     00000002  l__HEADERe                      
ASxxxx Linker V03.00 + NoICE + sdld,  page 4.
Hexadecimal  [32-Bits]

Area                                    Addr        Size        Decimal Bytes (Attributes)
--------------------------------        ----        ----        ------- ----- ------------
.  .ABS.                            00000000    00000000 =           0. bytes (ABS,CON)

      Value  Global                              Global Defined In Module
      -----  --------------------------------   ------------------------
     00000002  l__HRAM11                       
     00000003  l__HEADER7                      
     00000005  l__HEADER1                      
     00000006  l__HEADER6                      
     00000007  l__HEADER2                      
     00000008  l__HEADER3                      
     00000018  l__BSS                          
     0000002C  l__HEADER4                      
     00000033  l__HEADER5                      
     0000006A  l__HOME                         
     0000007A  l__BASE                         
     0000007E  l__HEADERf                      
     00000086  l__DATA                         
     00000159  l__CODE                         
     00000200  s__CODE                         
     0000028A  l__GSINIT                       
     00000359  s__HOME                         
     000003C3  s__BASE                         
     0000043D  s__CODE_0                       
     0000043D  s__GSINIT                       
     0000043D  s__LIT                          
     000006C7  s__GSFINAL                      
     0000C000  _shadow_OAM                     
     0000C0A0  s__DATA                         
     0000C126  s__BSS                          
     0000C13E  s__HEAP                         
     0000E000  .STACK                          
     0000FF80  .refresh_OAM                    
ASxxxx Linker V03.00 + NoICE + sdld,  page 5.
Hexadecimal  [32-Bits]

Area                                    Addr        Size        Decimal Bytes (Attributes)
--------------------------------        ----        ----        ------- ----- ------------
_CODE                               00000200    00000159 =         345. bytes (REL,CON)

      Value  Global                              Global Defined In Module
      -----  --------------------------------   ------------------------
     00000200  A$main$350                         main
     00000200  C$main.c$30$0_0$91                 main
     00000200  G$performatdelay$0$0               main
     00000200  _performatdelay                    main
     00000202  A$main$352                         main
     00000203  A$main$353                         main
     00000205  A$main$354                         main
     00000206  A$main$355                         main
     00000207  A$main$359                         main
     00000207  C$main.c$36$3_0$92                 main
     0000020A  A$main$363                         main
     0000020A  C$main.c$34$2_0$91                 main
     0000020B  A$main$371                         main
     0000020B  C$main.c$38$2_0$91                 main
     0000020B  XG$performatdelay$0$0              main
     0000020D  A$main$384                         main
     0000020D  C$main.c$40$2_0$94                 main
     0000020D  C$main.c$42$1_0$94                 main
     0000020D  G$wouldhitsurface$0$0              main
     0000020D  _wouldhitsurface                   main
     0000020F  A$main$385                         main
     00000210  A$main$386                         main
     00000213  A$main$387                         main
     00000214  A$main$388                         main
     00000216  A$main$392                         main
     00000216  C$main.c$43$2_0$95                 main
     00000217  A$main$393                         main
     00000218  A$main$398                         main
     00000218  C$main.c$46$1_0$94                 main
     0000021A  A$main$406                         main
     0000021A  C$main.c$47$1_0$94                 main
     0000021A  XG$wouldhitsurface$0$0             main
     0000021B  A$main$416                         main
     0000021B  C$main.c$49$1_0$97                 main
     0000021B  G$jump$0$0                         main
     0000021B  _jump                              main
     0000021D  A$main$420                         main
     0000021D  C$main.c$53$1_0$97                 main
     00000220  A$main$421                         main
     00000221  A$main$422                         main
     00000222  A$main$423                         main
     00000224  A$main$427                         main
     00000224  C$main.c$55$2_0$98                 main
     00000226  A$main$431                         main
     00000226  C$main.c$56$2_0$98                 main
     00000229  A$main$432                         main
     0000022B  A$main$437                         main
     0000022B  C$main.c$59$1_0$97                 main
     0000022E  A$main$438                         main
     00000231  A$main$439                         main
ASxxxx Linker V03.00 + NoICE + sdld,  page 6.
Hexadecimal  [32-Bits]

Area                                    Addr        Size        Decimal Bytes (Attributes)
--------------------------------        ----        ----        ------- ----- ------------
_CODE                               00000200    00000159 =         345. bytes (REL,CON)

      Value  Global                              Global Defined In Module
      -----  --------------------------------   ------------------------
     00000232  A$main$440                         main
     00000235  A$main$445                         main
     00000235  C$main.c$61$1_0$97                 main
     00000237  A$main$446                         main
     00000238  A$main$447                         main
     00000239  A$main$448                         main
     0000023A  A$main$449                         main
     0000023B  A$main$450                         main
     0000023C  A$main$451                         main
     0000023D  A$main$452                         main
     0000023E  A$main$453                         main
     0000023F  A$main$454                         main
     00000240  A$main$455                         main
     00000241  A$main$456                         main
     00000242  A$main$457                         main
     00000243  A$main$458                         main
     00000246  A$main$459                         main
     00000247  A$main$460                         main
     00000248  A$main$461                         main
     00000249  A$main$462                         main
     0000024A  A$main$463                         main
     0000024B  A$main$467                         main
     0000024B  C$main.c$63$1_0$97                 main
     0000024C  A$main$468                         main
     0000024D  A$main$469                         main
     00000250  A$main$470                         main
     00000251  A$main$471                         main
     00000253  A$main$472                         main
     00000254  A$main$476                         main
     00000256  A$main$477                         main
     00000257  A$main$478                         main
     00000258  A$main$479                         main
     0000025A  A$main$480                         main
     0000025B  A$main$481                         main
     0000025C  A$main$482                         main
     0000025E  A$main$483                         main
     0000025F  A$main$484                         main
     00000261  A$main$488                         main
     00000261  C$main.c$65$1_0$97                 main
     00000262  A$main$489                         main
     00000263  A$main$490                         main
     00000264  A$main$491                         main
     00000266  A$main$492                         main
     00000267  A$main$493                         main
     00000268  A$main$494                         main
     0000026A  A$main$495                         main
     0000026C  A$main$496                         main
     0000026E  A$main$497                         main
     00000270  A$main$498                         main
     00000271  A$main$499                         main
     00000273  A$main$501                         main
ASxxxx Linker V03.00 + NoICE + sdld,  page 7.
Hexadecimal  [32-Bits]

Area                                    Addr        Size        Decimal Bytes (Attributes)
--------------------------------        ----        ----        ------- ----- ------------
_CODE                               00000200    00000159 =         345. bytes (REL,CON)

      Value  Global                              Global Defined In Module
      -----  --------------------------------   ------------------------
     00000275  A$main$502                         main
     00000277  A$main$503                         main
     00000278  A$main$505                         main
     0000027A  A$main$509                         main
     0000027A  C$main.c$67$2_0$99                 main
     0000027D  A$main$510                         main
     0000027F  A$main$512                         main
     00000281  A$main$513                         main
     00000282  A$main$514                         main
     00000283  A$main$515                         main
     00000284  A$main$516                         main
     00000285  A$main$517                         main
     00000286  A$main$519                         main
     00000289  A$main$520                         main
     0000028A  A$main$521                         main
     0000028B  A$main$522                         main
     0000028D  A$main$523                         main
     0000028E  A$main$524                         main
     0000028F  A$main$525                         main
     00000290  A$main$526                         main
     00000291  A$main$527                         main
     00000292  A$main$529                         main
     00000294  A$main$530                         main
     00000295  A$main$531                         main
     00000296  A$main$532                         main
     00000297  A$main$533                         main
     00000298  A$main$534                         main
     00000299  A$main$538                         main
     00000299  C$main.c$68$1_0$97                 main
     0000029B  A$main$541                         main
     0000029C  A$main$542                         main
     0000029D  A$main$543                         main
     0000029E  A$main$544                         main
     000002A0  A$main$545                         main
     000002A1  A$main$546                         main
     000002A2  A$main$547                         main
     000002A3  A$main$548                         main
     000002A4  A$main$549                         main
     000002A5  A$main$550                         main
     000002A6  A$main$551                         main
     000002A7  A$main$552                         main
     000002A9  A$main$554                         main
     000002AA  A$main$555                         main
     000002AB  A$main$556                         main
     000002AC  A$main$557                         main
     000002AE  A$main$558                         main
     000002AF  A$main$559                         main
     000002B0  A$main$560                         main
     000002B1  A$main$561                         main
     000002B2  A$main$562                         main
     000002B5  A$main$563                         main
ASxxxx Linker V03.00 + NoICE + sdld,  page 8.
Hexadecimal  [32-Bits]

Area                                    Addr        Size        Decimal Bytes (Attributes)
--------------------------------        ----        ----        ------- ----- ------------
_CODE                               00000200    00000159 =         345. bytes (REL,CON)

      Value  Global                              Global Defined In Module
      -----  --------------------------------   ------------------------
     000002B6  A$main$564                         main
     000002B7  A$main$565                         main
     000002B8  A$main$567                         main
     000002BA  A$main$568                         main
     000002BB  A$main$569                         main
     000002BC  A$main$570                         main
     000002BD  A$main$571                         main
     000002BE  A$main$572                         main
     000002BF  A$main$580                         main
     000002BF  C$main.c$72$1_0$97                 main
     000002C1  A$main$585                         main
     000002C1  C$main.c$74$1_0$97                 main
     000002C1  XG$jump$0$0                        main
     000002C2  A$main$598                         main
     000002C2  C$main.c$76$1_0$107                main
     000002C2  C$main.c$78$1_0$107                main
     000002C2  G$main$0$0                         main
     000002C2  _main                              main
     000002C5  A$main$599                         main
     000002C6  A$main$600                         main
     000002C8  A$main$601                         main
     000002C9  A$main$602                         main
     000002CA  A$main$603                         main
     000002CB  A$main$604                         main
     000002CC  A$main$605                         main
     000002CD  A$main$606                         main
     000002D0  A$main$607                         main
     000002D2  A$main$609                         main
     000002D5  A$main$610                         main
     000002D7  A$main$614                         main
     000002D7  C$main.c$81$1_0$107                main
     000002DA  A$main$615                         main
     000002DC  A$main$619                         main
     000002DC  C$main.c$82$1_0$107                main
     000002DF  A$main$620                         main
     000002E2  A$main$621                         main
     000002E3  A$main$623                         main
     000002E6  A$main$624                         main
     000002E7  A$main$625                         main
     000002EA  A$main$626                         main
     000002EB  A$main$628                         main
     000002EE  A$main$630                         main
     000002EF  A$main$631                         main
     000002F0  A$main$632                         main
     000002F1  A$main$636                         main
     000002F1  C$main.c$85$1_0$107                main
     000002F4  A$main$637                         main
     000002F6  A$main$641                         main
     000002F6  C$main.c$87$1_0$107                main
     000002F8  A$main$642                         main
     000002FA  A$main$643                         main
ASxxxx Linker V03.00 + NoICE + sdld,  page 9.
Hexadecimal  [32-Bits]

Area                                    Addr        Size        Decimal Bytes (Attributes)
--------------------------------        ----        ----        ------- ----- ------------
_CODE                               00000200    00000159 =         345. bytes (REL,CON)

      Value  Global                              Global Defined In Module
      -----  --------------------------------   ------------------------
     000002FC  A$main$647                         main
     000002FC  C$main.c$88$1_0$107                main
     000002FE  A$main$648                         main
     00000300  A$main$649                         main
     00000302  A$main$657                         main
     00000302  C$main.c$90$1_0$107                main
     00000302  C$main.c$92$2_0$108                main
     00000305  A$main$658                         main
     00000307  A$main$659                         main
     00000309  A$main$660                         main
     0000030C  A$main$661                         main
     0000030D  A$main$662                         main
     0000030F  A$main$667                         main
     0000030F  C$main.c$94$3_0$109                main
     00000312  A$main$668                         main
     00000313  A$main$669                         main
     00000314  A$main$670                         main
     00000315  A$main$671                         main
     00000316  A$main$672                         main
     00000319  A$main$673                         main
     0000031B  A$main$678                         main
     0000031B  C$main.c$97$2_0$108                main
     0000031E  A$main$679                         main
     00000320  A$main$680                         main
     00000322  A$main$684                         main
     00000322  C$main.c$99$3_0$110                main
     00000325  A$main$685                         main
     00000326  A$main$686                         main
     00000327  A$main$687                         main
     0000032A  A$main$689                         main
     0000032D  A$main$690                         main
     0000032E  A$main$691                         main
     0000032F  A$main$693                         main
     00000332  A$main$695                         main
     00000333  A$main$696                         main
     00000334  A$main$697                         main
     00000335  A$main$705                         main
     00000335  C$main.c$100$2_0$108               main
     00000335  C$main.c$103$2_0$108               main
     00000338  A$main$706                         main
     00000339  A$main$707                         main
     0000033A  A$main$708                         main
     0000033C  A$main$712                         main
     0000033C  C$main.c$105$3_0$111               main
     0000033F  A$main$713                         main
     00000341  A$main$714                         main
     00000344  A$main$716                         main
     00000347  A$main$717                         main
     00000348  A$main$718                         main
     00000349  A$main$720                         main
     0000034C  A$main$722                         main
ASxxxx Linker V03.00 + NoICE + sdld,  page 10.
Hexadecimal  [32-Bits]

Area                                    Addr        Size        Decimal Bytes (Attributes)
--------------------------------        ----        ----        ------- ----- ------------
_CODE                               00000200    00000159 =         345. bytes (REL,CON)

      Value  Global                              Global Defined In Module
      -----  --------------------------------   ------------------------
     0000034D  A$main$723                         main
     0000034E  A$main$724                         main
     0000034F  A$main$732                         main
     0000034F  C$main.c$106$2_0$108               main
     0000034F  C$main.c$109$2_0$108               main
     00000351  A$main$733                         main
     00000352  A$main$734                         main
     00000353  A$main$735                         main
     00000356  A$main$736                         main
     00000357  A$main$744                         main
     00000357  C$main.c$111$1_0$107               main
     00000357  XG$main$0$0                        main

ASxxxx Linker V03.00 + NoICE + sdld,  page 11.
Hexadecimal  [32-Bits]

Area                                    Addr        Size        Decimal Bytes (Attributes)
--------------------------------        ----        ----        ------- ----- ------------
_HEADER0                            00000000    00000001 =           1. bytes (ABS,CON)

      Value  Global                              Global Defined In Module
      -----  --------------------------------   ------------------------
     00000020  .call_hl                           Runtime

ASxxxx Linker V03.00 + NoICE + sdld,  page 12.
Hexadecimal  [32-Bits]

Area                                    Addr        Size        Decimal Bytes (Attributes)
--------------------------------        ----        ----        ------- ----- ------------
_HEADER1                            00000000    00000005 =           5. bytes (ABS,CON)

      Value  Global                              Global Defined In Module
      -----  --------------------------------   ------------------------
     00000028  .MemsetSmall                       Runtime

ASxxxx Linker V03.00 + NoICE + sdld,  page 13.
Hexadecimal  [32-Bits]

Area                                    Addr        Size        Decimal Bytes (Attributes)
--------------------------------        ----        ----        ------- ----- ------------
_HEADER2                            00000000    00000007 =           7. bytes (ABS,CON)

      Value  Global                              Global Defined In Module
      -----  --------------------------------   ------------------------
     00000030  .MemcpySmall                       Runtime

ASxxxx Linker V03.00 + NoICE + sdld,  page 14.
Hexadecimal  [32-Bits]

Area                                    Addr        Size        Decimal Bytes (Attributes)
--------------------------------        ----        ----        ------- ----- ------------
_HEADER3                            00000000    00000008 =           8. bytes (ABS,CON)

      Value  Global                              Global Defined In Module
      -----  --------------------------------   ------------------------
ASxxxx Linker V03.00 + NoICE + sdld,  page 15.
Hexadecimal  [32-Bits]

Area                                    Addr        Size        Decimal Bytes (Attributes)
--------------------------------        ----        ----        ------- ----- ------------
_HEADER4                            00000000    0000002C =          44. bytes (ABS,CON)

      Value  Global                              Global Defined In Module
      -----  --------------------------------   ------------------------
     00000080  .int                               Runtime
     0000008F  _wait_int_handler                  Runtime

ASxxxx Linker V03.00 + NoICE + sdld,  page 16.
Hexadecimal  [32-Bits]

Area                                    Addr        Size        Decimal Bytes (Attributes)
--------------------------------        ----        ----        ------- ----- ------------
_HEADER5                            00000000    00000033 =          51. bytes (ABS,CON)

      Value  Global                              Global Defined In Module
      -----  --------------------------------   ------------------------
ASxxxx Linker V03.00 + NoICE + sdld,  page 17.
Hexadecimal  [32-Bits]

Area                                    Addr        Size        Decimal Bytes (Attributes)
--------------------------------        ----        ----        ------- ----- ------------
_HEADER6                            00000000    00000006 =           6. bytes (ABS,CON)

      Value  Global                              Global Defined In Module
      -----  --------------------------------   ------------------------
ASxxxx Linker V03.00 + NoICE + sdld,  page 18.
Hexadecimal  [32-Bits]

Area                                    Addr        Size        Decimal Bytes (Attributes)
--------------------------------        ----        ----        ------- ----- ------------
_HEADER7                            00000000    00000003 =           3. bytes (ABS,CON)

      Value  Global                              Global Defined In Module
      -----  --------------------------------   ------------------------
ASxxxx Linker V03.00 + NoICE + sdld,  page 19.
Hexadecimal  [32-Bits]

Area                                    Addr        Size        Decimal Bytes (Attributes)
--------------------------------        ----        ----        ------- ----- ------------
_HEADER8                            00000000    00000001 =           1. bytes (ABS,CON)

      Value  Global                              Global Defined In Module
      -----  --------------------------------   ------------------------
ASxxxx Linker V03.00 + NoICE + sdld,  page 20.
Hexadecimal  [32-Bits]

Area                                    Addr        Size        Decimal Bytes (Attributes)
--------------------------------        ----        ----        ------- ----- ------------
_HEADER9                            00000000    00000001 =           1. bytes (ABS,CON)

      Value  Global                              Global Defined In Module
      -----  --------------------------------   ------------------------
ASxxxx Linker V03.00 + NoICE + sdld,  page 21.
Hexadecimal  [32-Bits]

Area                                    Addr        Size        Decimal Bytes (Attributes)
--------------------------------        ----        ----        ------- ----- ------------
_HEADERa                            00000000    00000001 =           1. bytes (ABS,CON)

      Value  Global                              Global Defined In Module
      -----  --------------------------------   ------------------------
ASxxxx Linker V03.00 + NoICE + sdld,  page 22.
Hexadecimal  [32-Bits]

Area                                    Addr        Size        Decimal Bytes (Attributes)
--------------------------------        ----        ----        ------- ----- ------------
_HEADERb                            00000000    00000002 =           2. bytes (ABS,CON)

      Value  Global                              Global Defined In Module
      -----  --------------------------------   ------------------------
ASxxxx Linker V03.00 + NoICE + sdld,  page 23.
Hexadecimal  [32-Bits]

Area                                    Addr        Size        Decimal Bytes (Attributes)
--------------------------------        ----        ----        ------- ----- ------------
_HEADERc                            00000000    00000001 =           1. bytes (ABS,CON)

      Value  Global                              Global Defined In Module
      -----  --------------------------------   ------------------------
ASxxxx Linker V03.00 + NoICE + sdld,  page 24.
Hexadecimal  [32-Bits]

Area                                    Addr        Size        Decimal Bytes (Attributes)
--------------------------------        ----        ----        ------- ----- ------------
_HEADERd                            00000000    00000001 =           1. bytes (ABS,CON)

      Value  Global                              Global Defined In Module
      -----  --------------------------------   ------------------------
ASxxxx Linker V03.00 + NoICE + sdld,  page 25.
Hexadecimal  [32-Bits]

Area                                    Addr        Size        Decimal Bytes (Attributes)
--------------------------------        ----        ----        ------- ----- ------------
_HEADERe                            00000000    00000002 =           2. bytes (ABS,CON)

      Value  Global                              Global Defined In Module
      -----  --------------------------------   ------------------------
ASxxxx Linker V03.00 + NoICE + sdld,  page 26.
Hexadecimal  [32-Bits]

Area                                    Addr        Size        Decimal Bytes (Attributes)
--------------------------------        ----        ----        ------- ----- ------------
_HEADERf                            00000000    0000007E =         126. bytes (ABS,CON)

      Value  Global                              Global Defined In Module
      -----  --------------------------------   ------------------------
     00000150  .reset                             Runtime
     00000150  _reset                             Runtime
     00000153  .code_start                        Runtime
     000001B1  _exit                              Runtime
     000001B5  _enable_interrupts                 Runtime
     000001B7  _disable_interrupts                Runtime
     000001B9  _set_interrupts                    Runtime

ASxxxx Linker V03.00 + NoICE + sdld,  page 27.
Hexadecimal  [32-Bits]

Area                                    Addr        Size        Decimal Bytes (Attributes)
--------------------------------        ----        ----        ------- ----- ------------
_HEADER10                           00000000    00000001 =           1. bytes (ABS,CON)

      Value  Global                              Global Defined In Module
      -----  --------------------------------   ------------------------
ASxxxx Linker V03.00 + NoICE + sdld,  page 28.
Hexadecimal  [32-Bits]

Area                                    Addr        Size        Decimal Bytes (Attributes)
--------------------------------        ----        ----        ------- ----- ------------
_HOME                               00000359    0000006A =         106. bytes (REL,CON)

      Value  Global                              Global Defined In Module
      -----  --------------------------------   ------------------------
     00000359  .remove_VBL                        Runtime
     0000035C  .remove_int                        Runtime
     00000379  .add_VBL                           Runtime
     0000037C  .add_int                           Runtime
     00000387  .wait_vbl_done                     Runtime
     00000387  _wait_vbl_done                     Runtime
     00000396  .display_off                       Runtime
     00000396  _display_off                       Runtime
     000003AD  _remove_VBL                        Runtime
     000003B8  _add_VBL                           Runtime

ASxxxx Linker V03.00 + NoICE + sdld,  page 29.
Hexadecimal  [32-Bits]

Area                                    Addr        Size        Decimal Bytes (Attributes)
--------------------------------        ----        ----        ------- ----- ------------
_BASE                               000003C3    0000007A =         122. bytes (REL,CON)

      Value  Global                              Global Defined In Module
      -----  --------------------------------   ------------------------
     000003C3  _set_bkg_data                      
     000003C3  _set_win_data                      
     000003CB  _set_sprite_data                   
     000003FB  .padup                             
     000003FB  _waitpadup                         
     0000040B  .jpad                              
     0000040B  _joypad                            
     00000433  _waitpad                           
     00000436  .wait_pad                          
ASxxxx Linker V03.00 + NoICE + sdld,  page 30.
Hexadecimal  [32-Bits]

Area                                    Addr        Size        Decimal Bytes (Attributes)
--------------------------------        ----        ----        ------- ----- ------------
_GSINIT                             0000043D    0000028A =         650. bytes (REL,CON)

      Value  Global                              Global Defined In Module
      -----  --------------------------------   ------------------------
     0000043D  A$main$63                          main
     0000043D  C$main.c$4$1_0$107                 main
     0000043D  gsinit                             Runtime
     00000440  A$main$64                          main
     00000442  A$main$65                          main
     00000445  A$main$66                          main
     00000447  A$main$67                          main
     0000044A  A$main$68                          main
     0000044C  A$main$69                          main
     0000044F  A$main$70                          main
     00000451  A$main$71                          main
     00000454  A$main$72                          main
     00000456  A$main$73                          main
     00000459  A$main$74                          main
     0000045B  A$main$75                          main
     0000045E  A$main$76                          main
     00000460  A$main$77                          main
     00000463  A$main$78                          main
     00000465  A$main$79                          main
     00000468  A$main$80                          main
     0000046A  A$main$81                          main
     0000046D  A$main$82                          main
     0000046F  A$main$83                          main
     00000472  A$main$84                          main
     00000474  A$main$85                          main
     00000477  A$main$86                          main
     00000479  A$main$87                          main
     0000047C  A$main$88                          main
     0000047E  A$main$89                          main
     00000481  A$main$90                          main
     00000483  A$main$91                          main
     00000486  A$main$92                          main
     00000488  A$main$93                          main
     0000048B  A$main$94                          main
     0000048D  A$main$95                          main
     00000490  A$main$96                          main
     00000492  A$main$97                          main
     00000495  A$main$98                          main
     00000497  A$main$99                          main
     0000049A  A$main$100                         main
     0000049C  A$main$101                         main
     0000049F  A$main$102                         main
     000004A1  A$main$103                         main
     000004A4  A$main$104                         main
     000004A6  A$main$105                         main
     000004A9  A$main$106                         main
     000004AB  A$main$107                         main
     000004AE  A$main$108                         main
     000004B0  A$main$109                         main
     000004B3  A$main$110                         main
ASxxxx Linker V03.00 + NoICE + sdld,  page 31.
Hexadecimal  [32-Bits]

Area                                    Addr        Size        Decimal Bytes (Attributes)
--------------------------------        ----        ----        ------- ----- ------------
_GSINIT                             0000043D    0000028A =         650. bytes (REL,CON)

      Value  Global                              Global Defined In Module
      -----  --------------------------------   ------------------------
     000004B5  A$main$111                         main
     000004B8  A$main$112                         main
     000004BA  A$main$113                         main
     000004BD  A$main$114                         main
     000004BF  A$main$115                         main
     000004C2  A$main$116                         main
     000004C4  A$main$117                         main
     000004C7  A$main$118                         main
     000004C9  A$main$119                         main
     000004CC  A$main$120                         main
     000004CE  A$main$121                         main
     000004D1  A$main$122                         main
     000004D3  A$main$123                         main
     000004D6  A$main$124                         main
     000004D8  A$main$125                         main
     000004DB  A$main$126                         main
     000004DD  A$main$127                         main
     000004E0  A$main$128                         main
     000004E2  A$main$129                         main
     000004E5  A$main$130                         main
     000004E7  A$main$131                         main
     000004EA  A$main$132                         main
     000004EC  A$main$133                         main
     000004EF  A$main$134                         main
     000004F1  A$main$135                         main
     000004F4  A$main$136                         main
     000004F6  A$main$137                         main
     000004F9  A$main$138                         main
     000004FB  A$main$139                         main
     000004FE  A$main$140                         main
     00000500  A$main$141                         main
     00000503  A$main$142                         main
     00000505  A$main$143                         main
     00000508  A$main$144                         main
     0000050A  A$main$145                         main
     0000050D  A$main$146                         main
     0000050F  A$main$147                         main
     00000512  A$main$148                         main
     00000514  A$main$149                         main
     00000517  A$main$150                         main
     00000519  A$main$151                         main
     0000051C  A$main$152                         main
     0000051E  A$main$153                         main
     00000521  A$main$154                         main
     00000523  A$main$155                         main
     00000526  A$main$156                         main
     00000528  A$main$157                         main
     0000052B  A$main$158                         main
     0000052D  A$main$159                         main
     00000530  A$main$160                         main
     00000532  A$main$161                         main
ASxxxx Linker V03.00 + NoICE + sdld,  page 32.
Hexadecimal  [32-Bits]

Area                                    Addr        Size        Decimal Bytes (Attributes)
--------------------------------        ----        ----        ------- ----- ------------
_GSINIT                             0000043D    0000028A =         650. bytes (REL,CON)

      Value  Global                              Global Defined In Module
      -----  --------------------------------   ------------------------
     00000535  A$main$162                         main
     00000537  A$main$163                         main
     0000053A  A$main$164                         main
     0000053C  A$main$165                         main
     0000053F  A$main$166                         main
     00000541  A$main$167                         main
     00000544  A$main$168                         main
     00000546  A$main$169                         main
     00000549  A$main$170                         main
     0000054B  A$main$171                         main
     0000054E  A$main$172                         main
     00000550  A$main$173                         main
     00000553  A$main$174                         main
     00000555  A$main$175                         main
     00000558  A$main$176                         main
     0000055A  A$main$177                         main
     0000055D  A$main$178                         main
     0000055F  A$main$179                         main
     00000562  A$main$180                         main
     00000564  A$main$181                         main
     00000567  A$main$182                         main
     00000569  A$main$183                         main
     0000056C  A$main$184                         main
     0000056E  A$main$185                         main
     00000571  A$main$186                         main
     00000573  A$main$187                         main
     00000576  A$main$188                         main
     00000578  A$main$189                         main
     0000057B  A$main$190                         main
     0000057D  A$main$191                         main
     00000580  A$main$192                         main
     00000582  A$main$193                         main
     00000585  A$main$194                         main
     00000587  A$main$195                         main
     0000058A  A$main$196                         main
     0000058C  A$main$197                         main
     0000058F  A$main$198                         main
     00000591  A$main$199                         main
     00000594  A$main$200                         main
     00000596  A$main$201                         main
     00000599  A$main$202                         main
     0000059B  A$main$203                         main
     0000059E  A$main$204                         main
     000005A0  A$main$205                         main
     000005A3  A$main$206                         main
     000005A5  A$main$207                         main
     000005A8  A$main$208                         main
     000005AA  A$main$209                         main
     000005AD  A$main$210                         main
     000005AF  A$main$211                         main
     000005B2  A$main$212                         main
ASxxxx Linker V03.00 + NoICE + sdld,  page 33.
Hexadecimal  [32-Bits]

Area                                    Addr        Size        Decimal Bytes (Attributes)
--------------------------------        ----        ----        ------- ----- ------------
_GSINIT                             0000043D    0000028A =         650. bytes (REL,CON)

      Value  Global                              Global Defined In Module
      -----  --------------------------------   ------------------------
     000005B4  A$main$213                         main
     000005B7  A$main$214                         main
     000005B9  A$main$215                         main
     000005BC  A$main$216                         main
     000005BE  A$main$217                         main
     000005C1  A$main$218                         main
     000005C3  A$main$219                         main
     000005C6  A$main$220                         main
     000005C8  A$main$221                         main
     000005CB  A$main$222                         main
     000005CD  A$main$223                         main
     000005D0  A$main$224                         main
     000005D2  A$main$225                         main
     000005D5  A$main$226                         main
     000005D7  A$main$227                         main
     000005DA  A$main$228                         main
     000005DC  A$main$229                         main
     000005DF  A$main$230                         main
     000005E1  A$main$231                         main
     000005E4  A$main$232                         main
     000005E6  A$main$233                         main
     000005E9  A$main$234                         main
     000005EB  A$main$235                         main
     000005EE  A$main$236                         main
     000005F0  A$main$237                         main
     000005F3  A$main$238                         main
     000005F5  A$main$239                         main
     000005F8  A$main$240                         main
     000005FA  A$main$241                         main
     000005FD  A$main$242                         main
     000005FF  A$main$243                         main
     00000602  A$main$244                         main
     00000604  A$main$245                         main
     00000607  A$main$246                         main
     00000609  A$main$247                         main
     0000060C  A$main$248                         main
     0000060E  A$main$249                         main
     00000611  A$main$250                         main
     00000613  A$main$251                         main
     00000616  A$main$252                         main
     00000618  A$main$253                         main
     0000061B  A$main$254                         main
     0000061D  A$main$255                         main
     00000620  A$main$256                         main
     00000622  A$main$257                         main
     00000625  A$main$258                         main
     00000627  A$main$259                         main
     0000062A  A$main$260                         main
     0000062C  A$main$261                         main
     0000062F  A$main$262                         main
     00000631  A$main$263                         main
ASxxxx Linker V03.00 + NoICE + sdld,  page 34.
Hexadecimal  [32-Bits]

Area                                    Addr        Size        Decimal Bytes (Attributes)
--------------------------------        ----        ----        ------- ----- ------------
_GSINIT                             0000043D    0000028A =         650. bytes (REL,CON)

      Value  Global                              Global Defined In Module
      -----  --------------------------------   ------------------------
     00000634  A$main$264                         main
     00000636  A$main$265                         main
     00000639  A$main$266                         main
     0000063B  A$main$267                         main
     0000063E  A$main$268                         main
     00000640  A$main$269                         main
     00000643  A$main$270                         main
     00000645  A$main$271                         main
     00000648  A$main$272                         main
     0000064A  A$main$273                         main
     0000064D  A$main$274                         main
     0000064F  A$main$275                         main
     00000652  A$main$276                         main
     00000654  A$main$277                         main
     00000657  A$main$278                         main
     00000659  A$main$279                         main
     0000065C  A$main$280                         main
     0000065E  A$main$281                         main
     00000661  A$main$282                         main
     00000663  A$main$283                         main
     00000666  A$main$284                         main
     00000668  A$main$285                         main
     0000066B  A$main$286                         main
     0000066D  A$main$287                         main
     00000670  A$main$288                         main
     00000672  A$main$289                         main
     00000675  A$main$290                         main
     00000677  A$main$291                         main
     0000067A  A$main$292                         main
     0000067C  A$main$293                         main
     0000067F  A$main$294                         main
     00000681  A$main$295                         main
     00000684  A$main$296                         main
     00000686  A$main$297                         main
     00000689  A$main$298                         main
     0000068B  A$main$299                         main
     0000068E  A$main$300                         main
     00000690  A$main$301                         main
     00000693  A$main$302                         main
     00000695  A$main$303                         main
     00000698  A$main$304                         main
     0000069A  A$main$305                         main
     0000069D  A$main$306                         main
     0000069F  A$main$307                         main
     000006A2  A$main$308                         main
     000006A4  A$main$309                         main
     000006A7  A$main$310                         main
     000006A9  A$main$311                         main
     000006AC  A$main$312                         main
     000006AE  A$main$313                         main
     000006B1  A$main$314                         main
ASxxxx Linker V03.00 + NoICE + sdld,  page 35.
Hexadecimal  [32-Bits]

Area                                    Addr        Size        Decimal Bytes (Attributes)
--------------------------------        ----        ----        ------- ----- ------------
_GSINIT                             0000043D    0000028A =         650. bytes (REL,CON)

      Value  Global                              Global Defined In Module
      -----  --------------------------------   ------------------------
     000006B3  A$main$315                         main
     000006B6  A$main$316                         main
     000006B8  A$main$317                         main
     000006BB  A$main$318                         main
     000006BD  A$main$322                         main
     000006BD  C$main.c$26$1_0$107                main
     000006C0  A$main$323                         main
     000006C2  A$main$327                         main
     000006C2  C$main.c$28$1_0$107                main
     000006C5  A$main$328                         main
ASxxxx Linker V03.00 + NoICE + sdld,  page 36.
Hexadecimal  [32-Bits]

Area                                    Addr        Size        Decimal Bytes (Attributes)
--------------------------------        ----        ----        ------- ----- ------------
_GSFINAL                            000006C7    00000001 =           1. bytes (REL,CON)

      Value  Global                              Global Defined In Module
      -----  --------------------------------   ------------------------
ASxxxx Linker V03.00 + NoICE + sdld,  page 37.
Hexadecimal  [32-Bits]

Area                                    Addr        Size        Decimal Bytes (Attributes)
--------------------------------        ----        ----        ------- ----- ------------
_DATA                               0000C0A0    00000086 =         134. bytes (REL,CON)

      Value  Global                              Global Defined In Module
      -----  --------------------------------   ------------------------
     0000C0A0  G$bloke$0_0$0                      main
     0000C0A0  _bloke                             main
     0000C120  G$playerlocation$0_0$0             main
     0000C120  _playerlocation                    main
     0000C122  G$jumping$0_0$0                    main
     0000C122  _jumping                           main
     0000C123  G$gravity$0_0$0                    main
     0000C123  _gravity                           main
     0000C124  G$currentspeedY$0_0$0              main
     0000C124  _currentspeedY                     main
     0000C125  G$floorYPosition$0_0$0             main
     0000C125  _floorYPosition                    main
ASxxxx Linker V03.00 + NoICE + sdld,  page 38.
Hexadecimal  [32-Bits]

Area                                    Addr        Size        Decimal Bytes (Attributes)
--------------------------------        ----        ----        ------- ----- ------------
_BSS                                0000C126    00000018 =          24. bytes (REL,CON)

      Value  Global                              Global Defined In Module
      -----  --------------------------------   ------------------------
     0000C126  __cpu                              Runtime
     0000C127  .mode                              Runtime
     0000C128  .sys_time                          Runtime
     0000C128  _sys_time                          Runtime
     0000C12A  .int_0x40                          Runtime

ASxxxx Linker V03.00 + NoICE + sdld,  page 39.
Hexadecimal  [32-Bits]

Area                                    Addr        Size        Decimal Bytes (Attributes)
--------------------------------        ----        ----        ------- ----- ------------
_HEAP                               0000C13E    00000000 =           0. bytes (REL,CON)

      Value  Global                              Global Defined In Module
      -----  --------------------------------   ------------------------
     0000C13E  _malloc_heap_start                 Runtime

ASxxxx Linker V03.00 + NoICE + sdld,  page 40.
Hexadecimal  [32-Bits]

Area                                    Addr        Size        Decimal Bytes (Attributes)
--------------------------------        ----        ----        ------- ----- ------------
_HRAM11                             00000000    00000002 =           2. bytes (ABS,CON)

      Value  Global                              Global Defined In Module
      -----  --------------------------------   ------------------------
     0000FF90  __current_bank                     Runtime

ASxxxx Linker V03.00 + NoICE + sdld,  page 41.
Hexadecimal  [32-Bits]

Area                                    Addr        Size        Decimal Bytes (Attributes)
--------------------------------        ----        ----        ------- ----- ------------
_SFR0                               00000000    00000001 =           1. bytes (ABS,CON)

      Value  Global                              Global Defined In Module
      -----  --------------------------------   ------------------------
     0000FF00  _P1_REG                            

ASxxxx Linker V03.00 + NoICE + sdld,  page 42.
Hexadecimal  [32-Bits]

Area                                    Addr        Size        Decimal Bytes (Attributes)
--------------------------------        ----        ----        ------- ----- ------------
_SFR1                               00000000    00000001 =           1. bytes (ABS,CON)

      Value  Global                              Global Defined In Module
      -----  --------------------------------   ------------------------
     0000FF01  _SB_REG                            

ASxxxx Linker V03.00 + NoICE + sdld,  page 43.
Hexadecimal  [32-Bits]

Area                                    Addr        Size        Decimal Bytes (Attributes)
--------------------------------        ----        ----        ------- ----- ------------
_SFR2                               00000000    00000001 =           1. bytes (ABS,CON)

      Value  Global                              Global Defined In Module
      -----  --------------------------------   ------------------------
     0000FF02  _SC_REG                            

ASxxxx Linker V03.00 + NoICE + sdld,  page 44.
Hexadecimal  [32-Bits]

Area                                    Addr        Size        Decimal Bytes (Attributes)
--------------------------------        ----        ----        ------- ----- ------------
_SFR3                               00000000    00000001 =           1. bytes (ABS,CON)

      Value  Global                              Global Defined In Module
      -----  --------------------------------   ------------------------
     0000FF04  _DIV_REG                           

ASxxxx Linker V03.00 + NoICE + sdld,  page 45.
Hexadecimal  [32-Bits]

Area                                    Addr        Size        Decimal Bytes (Attributes)
--------------------------------        ----        ----        ------- ----- ------------
_SFR4                               00000000    00000001 =           1. bytes (ABS,CON)

      Value  Global                              Global Defined In Module
      -----  --------------------------------   ------------------------
     0000FF05  _TIMA_REG                          

ASxxxx Linker V03.00 + NoICE + sdld,  page 46.
Hexadecimal  [32-Bits]

Area                                    Addr        Size        Decimal Bytes (Attributes)
--------------------------------        ----        ----        ------- ----- ------------
_SFR5                               00000000    00000001 =           1. bytes (ABS,CON)

      Value  Global                              Global Defined In Module
      -----  --------------------------------   ------------------------
     0000FF06  _TMA_REG                           

ASxxxx Linker V03.00 + NoICE + sdld,  page 47.
Hexadecimal  [32-Bits]

Area                                    Addr        Size        Decimal Bytes (Attributes)
--------------------------------        ----        ----        ------- ----- ------------
_SFR6                               00000000    00000001 =           1. bytes (ABS,CON)

      Value  Global                              Global Defined In Module
      -----  --------------------------------   ------------------------
     0000FF07  _TAC_REG                           

ASxxxx Linker V03.00 + NoICE + sdld,  page 48.
Hexadecimal  [32-Bits]

Area                                    Addr        Size        Decimal Bytes (Attributes)
--------------------------------        ----        ----        ------- ----- ------------
_SFR7                               00000000    00000001 =           1. bytes (ABS,CON)

      Value  Global                              Global Defined In Module
      -----  --------------------------------   ------------------------
     0000FF0F  _IF_REG                            

ASxxxx Linker V03.00 + NoICE + sdld,  page 49.
Hexadecimal  [32-Bits]

Area                                    Addr        Size        Decimal Bytes (Attributes)
--------------------------------        ----        ----        ------- ----- ------------
_SFR8                               00000000    00000001 =           1. bytes (ABS,CON)

      Value  Global                              Global Defined In Module
      -----  --------------------------------   ------------------------
     0000FF10  _NR10_REG                          

ASxxxx Linker V03.00 + NoICE + sdld,  page 50.
Hexadecimal  [32-Bits]

Area                                    Addr        Size        Decimal Bytes (Attributes)
--------------------------------        ----        ----        ------- ----- ------------
_SFR9                               00000000    00000001 =           1. bytes (ABS,CON)

      Value  Global                              Global Defined In Module
      -----  --------------------------------   ------------------------
     0000FF11  _NR11_REG                          

ASxxxx Linker V03.00 + NoICE + sdld,  page 51.
Hexadecimal  [32-Bits]

Area                                    Addr        Size        Decimal Bytes (Attributes)
--------------------------------        ----        ----        ------- ----- ------------
_SFRa                               00000000    00000001 =           1. bytes (ABS,CON)

      Value  Global                              Global Defined In Module
      -----  --------------------------------   ------------------------
     0000FF12  _NR12_REG                          

ASxxxx Linker V03.00 + NoICE + sdld,  page 52.
Hexadecimal  [32-Bits]

Area                                    Addr        Size        Decimal Bytes (Attributes)
--------------------------------        ----        ----        ------- ----- ------------
_SFRb                               00000000    00000001 =           1. bytes (ABS,CON)

      Value  Global                              Global Defined In Module
      -----  --------------------------------   ------------------------
     0000FF13  _NR13_REG                          

ASxxxx Linker V03.00 + NoICE + sdld,  page 53.
Hexadecimal  [32-Bits]

Area                                    Addr        Size        Decimal Bytes (Attributes)
--------------------------------        ----        ----        ------- ----- ------------
_SFRc                               00000000    00000001 =           1. bytes (ABS,CON)

      Value  Global                              Global Defined In Module
      -----  --------------------------------   ------------------------
     0000FF14  _NR14_REG                          

ASxxxx Linker V03.00 + NoICE + sdld,  page 54.
Hexadecimal  [32-Bits]

Area                                    Addr        Size        Decimal Bytes (Attributes)
--------------------------------        ----        ----        ------- ----- ------------
_SFRd                               00000000    00000001 =           1. bytes (ABS,CON)

      Value  Global                              Global Defined In Module
      -----  --------------------------------   ------------------------
     0000FF16  _NR21_REG                          

ASxxxx Linker V03.00 + NoICE + sdld,  page 55.
Hexadecimal  [32-Bits]

Area                                    Addr        Size        Decimal Bytes (Attributes)
--------------------------------        ----        ----        ------- ----- ------------
_SFRe                               00000000    00000001 =           1. bytes (ABS,CON)

      Value  Global                              Global Defined In Module
      -----  --------------------------------   ------------------------
     0000FF17  _NR22_REG                          

ASxxxx Linker V03.00 + NoICE + sdld,  page 56.
Hexadecimal  [32-Bits]

Area                                    Addr        Size        Decimal Bytes (Attributes)
--------------------------------        ----        ----        ------- ----- ------------
_SFRf                               00000000    00000001 =           1. bytes (ABS,CON)

      Value  Global                              Global Defined In Module
      -----  --------------------------------   ------------------------
     0000FF18  _NR23_REG                          

ASxxxx Linker V03.00 + NoICE + sdld,  page 57.
Hexadecimal  [32-Bits]

Area                                    Addr        Size        Decimal Bytes (Attributes)
--------------------------------        ----        ----        ------- ----- ------------
_SFR10                              00000000    00000001 =           1. bytes (ABS,CON)

      Value  Global                              Global Defined In Module
      -----  --------------------------------   ------------------------
     0000FF19  _NR24_REG                          

ASxxxx Linker V03.00 + NoICE + sdld,  page 58.
Hexadecimal  [32-Bits]

Area                                    Addr        Size        Decimal Bytes (Attributes)
--------------------------------        ----        ----        ------- ----- ------------
_SFR11                              00000000    00000001 =           1. bytes (ABS,CON)

      Value  Global                              Global Defined In Module
      -----  --------------------------------   ------------------------
     0000FF1A  _NR30_REG                          

ASxxxx Linker V03.00 + NoICE + sdld,  page 59.
Hexadecimal  [32-Bits]

Area                                    Addr        Size        Decimal Bytes (Attributes)
--------------------------------        ----        ----        ------- ----- ------------
_SFR12                              00000000    00000001 =           1. bytes (ABS,CON)

      Value  Global                              Global Defined In Module
      -----  --------------------------------   ------------------------
     0000FF1B  _NR31_REG                          

ASxxxx Linker V03.00 + NoICE + sdld,  page 60.
Hexadecimal  [32-Bits]

Area                                    Addr        Size        Decimal Bytes (Attributes)
--------------------------------        ----        ----        ------- ----- ------------
_SFR13                              00000000    00000001 =           1. bytes (ABS,CON)

      Value  Global                              Global Defined In Module
      -----  --------------------------------   ------------------------
     0000FF1C  _NR32_REG                          

ASxxxx Linker V03.00 + NoICE + sdld,  page 61.
Hexadecimal  [32-Bits]

Area                                    Addr        Size        Decimal Bytes (Attributes)
--------------------------------        ----        ----        ------- ----- ------------
_SFR14                              00000000    00000001 =           1. bytes (ABS,CON)

      Value  Global                              Global Defined In Module
      -----  --------------------------------   ------------------------
     0000FF1D  _NR33_REG                          

ASxxxx Linker V03.00 + NoICE + sdld,  page 62.
Hexadecimal  [32-Bits]

Area                                    Addr        Size        Decimal Bytes (Attributes)
--------------------------------        ----        ----        ------- ----- ------------
_SFR15                              00000000    00000001 =           1. bytes (ABS,CON)

      Value  Global                              Global Defined In Module
      -----  --------------------------------   ------------------------
     0000FF1E  _NR34_REG                          

ASxxxx Linker V03.00 + NoICE + sdld,  page 63.
Hexadecimal  [32-Bits]

Area                                    Addr        Size        Decimal Bytes (Attributes)
--------------------------------        ----        ----        ------- ----- ------------
_SFR16                              00000000    00000001 =           1. bytes (ABS,CON)

      Value  Global                              Global Defined In Module
      -----  --------------------------------   ------------------------
     0000FF20  _NR41_REG                          

ASxxxx Linker V03.00 + NoICE + sdld,  page 64.
Hexadecimal  [32-Bits]

Area                                    Addr        Size        Decimal Bytes (Attributes)
--------------------------------        ----        ----        ------- ----- ------------
_SFR17                              00000000    00000001 =           1. bytes (ABS,CON)

      Value  Global                              Global Defined In Module
      -----  --------------------------------   ------------------------
     0000FF21  _NR42_REG                          

ASxxxx Linker V03.00 + NoICE + sdld,  page 65.
Hexadecimal  [32-Bits]

Area                                    Addr        Size        Decimal Bytes (Attributes)
--------------------------------        ----        ----        ------- ----- ------------
_SFR18                              00000000    00000001 =           1. bytes (ABS,CON)

      Value  Global                              Global Defined In Module
      -----  --------------------------------   ------------------------
     0000FF22  _NR43_REG                          

ASxxxx Linker V03.00 + NoICE + sdld,  page 66.
Hexadecimal  [32-Bits]

Area                                    Addr        Size        Decimal Bytes (Attributes)
--------------------------------        ----        ----        ------- ----- ------------
_SFR19                              00000000    00000001 =           1. bytes (ABS,CON)

      Value  Global                              Global Defined In Module
      -----  --------------------------------   ------------------------
     0000FF23  _NR44_REG                          

ASxxxx Linker V03.00 + NoICE + sdld,  page 67.
Hexadecimal  [32-Bits]

Area                                    Addr        Size        Decimal Bytes (Attributes)
--------------------------------        ----        ----        ------- ----- ------------
_SFR1a                              00000000    00000001 =           1. bytes (ABS,CON)

      Value  Global                              Global Defined In Module
      -----  --------------------------------   ------------------------
     0000FF24  _NR50_REG                          

ASxxxx Linker V03.00 + NoICE + sdld,  page 68.
Hexadecimal  [32-Bits]

Area                                    Addr        Size        Decimal Bytes (Attributes)
--------------------------------        ----        ----        ------- ----- ------------
_SFR1b                              00000000    00000001 =           1. bytes (ABS,CON)

      Value  Global                              Global Defined In Module
      -----  --------------------------------   ------------------------
     0000FF25  _NR51_REG                          

ASxxxx Linker V03.00 + NoICE + sdld,  page 69.
Hexadecimal  [32-Bits]

Area                                    Addr        Size        Decimal Bytes (Attributes)
--------------------------------        ----        ----        ------- ----- ------------
_SFR1c                              00000000    00000001 =           1. bytes (ABS,CON)

      Value  Global                              Global Defined In Module
      -----  --------------------------------   ------------------------
     0000FF26  _NR52_REG                          

ASxxxx Linker V03.00 + NoICE + sdld,  page 70.
Hexadecimal  [32-Bits]

Area                                    Addr        Size        Decimal Bytes (Attributes)
--------------------------------        ----        ----        ------- ----- ------------
_SFR1d                              00000000    00000001 =           1. bytes (ABS,CON)

      Value  Global                              Global Defined In Module
      -----  --------------------------------   ------------------------
     0000FF40  _LCDC_REG                          

ASxxxx Linker V03.00 + NoICE + sdld,  page 71.
Hexadecimal  [32-Bits]

Area                                    Addr        Size        Decimal Bytes (Attributes)
--------------------------------        ----        ----        ------- ----- ------------
_SFR1e                              00000000    00000001 =           1. bytes (ABS,CON)

      Value  Global                              Global Defined In Module
      -----  --------------------------------   ------------------------
     0000FF41  _STAT_REG                          

ASxxxx Linker V03.00 + NoICE + sdld,  page 72.
Hexadecimal  [32-Bits]

Area                                    Addr        Size        Decimal Bytes (Attributes)
--------------------------------        ----        ----        ------- ----- ------------
_SFR1f                              00000000    00000001 =           1. bytes (ABS,CON)

      Value  Global                              Global Defined In Module
      -----  --------------------------------   ------------------------
     0000FF42  _SCY_REG                           

ASxxxx Linker V03.00 + NoICE + sdld,  page 73.
Hexadecimal  [32-Bits]

Area                                    Addr        Size        Decimal Bytes (Attributes)
--------------------------------        ----        ----        ------- ----- ------------
_SFR20                              00000000    00000001 =           1. bytes (ABS,CON)

      Value  Global                              Global Defined In Module
      -----  --------------------------------   ------------------------
     0000FF43  _SCX_REG                           

ASxxxx Linker V03.00 + NoICE + sdld,  page 74.
Hexadecimal  [32-Bits]

Area                                    Addr        Size        Decimal Bytes (Attributes)
--------------------------------        ----        ----        ------- ----- ------------
_SFR21                              00000000    00000001 =           1. bytes (ABS,CON)

      Value  Global                              Global Defined In Module
      -----  --------------------------------   ------------------------
     0000FF44  _LY_REG                            

ASxxxx Linker V03.00 + NoICE + sdld,  page 75.
Hexadecimal  [32-Bits]

Area                                    Addr        Size        Decimal Bytes (Attributes)
--------------------------------        ----        ----        ------- ----- ------------
_SFR22                              00000000    00000001 =           1. bytes (ABS,CON)

      Value  Global                              Global Defined In Module
      -----  --------------------------------   ------------------------
     0000FF45  _LYC_REG                           

ASxxxx Linker V03.00 + NoICE + sdld,  page 76.
Hexadecimal  [32-Bits]

Area                                    Addr        Size        Decimal Bytes (Attributes)
--------------------------------        ----        ----        ------- ----- ------------
_SFR23                              00000000    00000001 =           1. bytes (ABS,CON)

      Value  Global                              Global Defined In Module
      -----  --------------------------------   ------------------------
     0000FF46  _DMA_REG                           

ASxxxx Linker V03.00 + NoICE + sdld,  page 77.
Hexadecimal  [32-Bits]

Area                                    Addr        Size        Decimal Bytes (Attributes)
--------------------------------        ----        ----        ------- ----- ------------
_SFR24                              00000000    00000001 =           1. bytes (ABS,CON)

      Value  Global                              Global Defined In Module
      -----  --------------------------------   ------------------------
     0000FF47  _BGP_REG                           

ASxxxx Linker V03.00 + NoICE + sdld,  page 78.
Hexadecimal  [32-Bits]

Area                                    Addr        Size        Decimal Bytes (Attributes)
--------------------------------        ----        ----        ------- ----- ------------
_SFR25                              00000000    00000001 =           1. bytes (ABS,CON)

      Value  Global                              Global Defined In Module
      -----  --------------------------------   ------------------------
     0000FF48  _OBP0_REG                          

ASxxxx Linker V03.00 + NoICE + sdld,  page 79.
Hexadecimal  [32-Bits]

Area                                    Addr        Size        Decimal Bytes (Attributes)
--------------------------------        ----        ----        ------- ----- ------------
_SFR26                              00000000    00000001 =           1. bytes (ABS,CON)

      Value  Global                              Global Defined In Module
      -----  --------------------------------   ------------------------
     0000FF49  _OBP1_REG                          

ASxxxx Linker V03.00 + NoICE + sdld,  page 80.
Hexadecimal  [32-Bits]

Area                                    Addr        Size        Decimal Bytes (Attributes)
--------------------------------        ----        ----        ------- ----- ------------
_SFR27                              00000000    00000001 =           1. bytes (ABS,CON)

      Value  Global                              Global Defined In Module
      -----  --------------------------------   ------------------------
     0000FF4A  _WY_REG                            

ASxxxx Linker V03.00 + NoICE + sdld,  page 81.
Hexadecimal  [32-Bits]

Area                                    Addr        Size        Decimal Bytes (Attributes)
--------------------------------        ----        ----        ------- ----- ------------
_SFR28                              00000000    00000001 =           1. bytes (ABS,CON)

      Value  Global                              Global Defined In Module
      -----  --------------------------------   ------------------------
     0000FF4B  _WX_REG                            

ASxxxx Linker V03.00 + NoICE + sdld,  page 82.
Hexadecimal  [32-Bits]

Area                                    Addr        Size        Decimal Bytes (Attributes)
--------------------------------        ----        ----        ------- ----- ------------
_SFR29                              00000000    00000001 =           1. bytes (ABS,CON)

      Value  Global                              Global Defined In Module
      -----  --------------------------------   ------------------------
     0000FF4D  _KEY1_REG                          

ASxxxx Linker V03.00 + NoICE + sdld,  page 83.
Hexadecimal  [32-Bits]

Area                                    Addr        Size        Decimal Bytes (Attributes)
--------------------------------        ----        ----        ------- ----- ------------
_SFR2a                              00000000    00000001 =           1. bytes (ABS,CON)

      Value  Global                              Global Defined In Module
      -----  --------------------------------   ------------------------
     0000FF4F  _VBK_REG                           

ASxxxx Linker V03.00 + NoICE + sdld,  page 84.
Hexadecimal  [32-Bits]

Area                                    Addr        Size        Decimal Bytes (Attributes)
--------------------------------        ----        ----        ------- ----- ------------
_SFR2b                              00000000    00000001 =           1. bytes (ABS,CON)

      Value  Global                              Global Defined In Module
      -----  --------------------------------   ------------------------
     0000FF51  _HDMA1_REG                         

ASxxxx Linker V03.00 + NoICE + sdld,  page 85.
Hexadecimal  [32-Bits]

Area                                    Addr        Size        Decimal Bytes (Attributes)
--------------------------------        ----        ----        ------- ----- ------------
_SFR2c                              00000000    00000001 =           1. bytes (ABS,CON)

      Value  Global                              Global Defined In Module
      -----  --------------------------------   ------------------------
     0000FF52  _HDMA2_REG                         

ASxxxx Linker V03.00 + NoICE + sdld,  page 86.
Hexadecimal  [32-Bits]

Area                                    Addr        Size        Decimal Bytes (Attributes)
--------------------------------        ----        ----        ------- ----- ------------
_SFR2d                              00000000    00000001 =           1. bytes (ABS,CON)

      Value  Global                              Global Defined In Module
      -----  --------------------------------   ------------------------
     0000FF53  _HDMA3_REG                         

ASxxxx Linker V03.00 + NoICE + sdld,  page 87.
Hexadecimal  [32-Bits]

Area                                    Addr        Size        Decimal Bytes (Attributes)
--------------------------------        ----        ----        ------- ----- ------------
_SFR2e                              00000000    00000001 =           1. bytes (ABS,CON)

      Value  Global                              Global Defined In Module
      -----  --------------------------------   ------------------------
     0000FF54  _HDMA4_REG                         

ASxxxx Linker V03.00 + NoICE + sdld,  page 88.
Hexadecimal  [32-Bits]

Area                                    Addr        Size        Decimal Bytes (Attributes)
--------------------------------        ----        ----        ------- ----- ------------
_SFR2f                              00000000    00000001 =           1. bytes (ABS,CON)

      Value  Global                              Global Defined In Module
      -----  --------------------------------   ------------------------
     0000FF55  _HDMA5_REG                         

ASxxxx Linker V03.00 + NoICE + sdld,  page 89.
Hexadecimal  [32-Bits]

Area                                    Addr        Size        Decimal Bytes (Attributes)
--------------------------------        ----        ----        ------- ----- ------------
_SFR30                              00000000    00000001 =           1. bytes (ABS,CON)

      Value  Global                              Global Defined In Module
      -----  --------------------------------   ------------------------
     0000FF56  _RP_REG                            

ASxxxx Linker V03.00 + NoICE + sdld,  page 90.
Hexadecimal  [32-Bits]

Area                                    Addr        Size        Decimal Bytes (Attributes)
--------------------------------        ----        ----        ------- ----- ------------
_SFR31                              00000000    00000001 =           1. bytes (ABS,CON)

      Value  Global                              Global Defined In Module
      -----  --------------------------------   ------------------------
     0000FF68  _BCPS_REG                          

ASxxxx Linker V03.00 + NoICE + sdld,  page 91.
Hexadecimal  [32-Bits]

Area                                    Addr        Size        Decimal Bytes (Attributes)
--------------------------------        ----        ----        ------- ----- ------------
_SFR32                              00000000    00000001 =           1. bytes (ABS,CON)

      Value  Global                              Global Defined In Module
      -----  --------------------------------   ------------------------
     0000FF69  _BCPD_REG                          

ASxxxx Linker V03.00 + NoICE + sdld,  page 92.
Hexadecimal  [32-Bits]

Area                                    Addr        Size        Decimal Bytes (Attributes)
--------------------------------        ----        ----        ------- ----- ------------
_SFR33                              00000000    00000001 =           1. bytes (ABS,CON)

      Value  Global                              Global Defined In Module
      -----  --------------------------------   ------------------------
     0000FF6A  _OCPS_REG                          

ASxxxx Linker V03.00 + NoICE + sdld,  page 93.
Hexadecimal  [32-Bits]

Area                                    Addr        Size        Decimal Bytes (Attributes)
--------------------------------        ----        ----        ------- ----- ------------
_SFR34                              00000000    00000001 =           1. bytes (ABS,CON)

      Value  Global                              Global Defined In Module
      -----  --------------------------------   ------------------------
     0000FF6B  _OCPD_REG                          

ASxxxx Linker V03.00 + NoICE + sdld,  page 94.
Hexadecimal  [32-Bits]

Area                                    Addr        Size        Decimal Bytes (Attributes)
--------------------------------        ----        ----        ------- ----- ------------
_SFR35                              00000000    00000001 =           1. bytes (ABS,CON)

      Value  Global                              Global Defined In Module
      -----  --------------------------------   ------------------------
     0000FF70  _SVBK_REG                          

ASxxxx Linker V03.00 + NoICE + sdld,  page 95.
Hexadecimal  [32-Bits]

Area                                    Addr        Size        Decimal Bytes (Attributes)
--------------------------------        ----        ----        ------- ----- ------------
_SFR36                              00000000    00000001 =           1. bytes (ABS,CON)

      Value  Global                              Global Defined In Module
      -----  --------------------------------   ------------------------
     0000FFFF  _IE_REG                            

ASxxxx Linker V03.00 + NoICE + sdld,  page 96.

Files Linked                              [ module(s) ]

c:\gbdk2020\gbdk\lib/small/asxxxx/gb/crt0.o
                                          [ Runtime ]
main.o                                    [ main ]


Libraries Linked                          [ object file ]

c:\gbdk2020\gbdk\lib/small/asxxxx/gb/gb.lib
                                          [ set_data.o ]
c:\gbdk2020\gbdk\lib/small/asxxxx/gb/gb.lib
                                          [ pad.o ]
c:\gbdk2020\gbdk\lib/small/asxxxx/gb/gb.lib
                                          [ sfr.o ]

ASxxxx Linker V03.00 + NoICE + sdld,  page 97.

User Base Address Definitions

_DATA=0xc0a0
_CODE=0x0200
ASxxxx Linker V03.00 + NoICE + sdld,  page 98.

User Global Definitions

_shadow_OAM=0xC000
.STACK=0xE000
.refresh_OAM=0xFF80

