AREA .  .ABS.
	RADIX HEX
	BASE 0000
	SIZE 0000
	ATTRIB ABS OVR
	GLOBALS
		l__HEAP	0000
		l__BSEG	0000
		l_.  .ABS.	0000
		l__GSFINAL	0000
		l__ISEG	0000
		s_.  .ABS.	0000
		s__HEADER	0000
		l__XSEG	0000
		.init	0000
		l__OVERLAY	0000
		l__LIT	0000
		s__SFR	0000
		l__GSINITTAIL	0001
		l__BSS	0059
		l__CODE	0100
		l__HOME	01AC
		l__HEADER	01E1
		s__CODE	0200
		l__BASE	021A
		s__HOME	0300
		l__DATA	0370
		s__BASE	04AC
		s__LIT	06C6
		s__GSINIT	06C6
		l__GSINIT	14A0
		s__GSINITTAIL	1B66
		s__GSFINAL	1B67
		.OAM	C000
		s__DATA	C0A0
		s__BSS	C410
		s__HEAP	C469
		s__BSEG	C469
		s__ISEG	C469
		s__XSEG	C469
		s__OVERLAY	C469
		.STACK	E000
		.refresh_OAM	FF80
		l__SFR	10000
AREA _CODE
	RADIX HEX
	BASE 0200
	SIZE 0100
	ATTRIB REL CON
	GLOBALS
		_main	0200
		_main_1	0250
AREA _HEADER
	RADIX HEX
	BASE 0000
	SIZE 01E1
	ATTRIB ABS OVR
	GLOBALS
		_exit	01D2
AREA _HOME
	RADIX HEX
	BASE 0300
	SIZE 01AC
	ATTRIB REL CON
	GLOBALS
		.set_mode	0300
		.remove_VBL	0310
		.remove_LCD	0316
		.remove_TIM	031C
		.remove_SIO	0322
		.remove_JOY	0328
		.add_VBL	032E
		.add_LCD	0334
		.add_TIM	033A
		.add_SIO	0340
		.add_JOY	0346
		.remove_int	034C
		.add_int	036C
		.wait_vbl_done	0388
		_wait_vbl_done	0388
		_display_off	039F
		.display_off	039F
		.serial_IO	03C0
		_mode	03EF
		_get_mode	03F8
		_enable_interrupts	03FD
		_disable_interrupts	03FF
		_reset	0401
		.reset	0401
		_set_interrupts	0407
		_remove_VBL	0412
		_remove_LCD	041D
		_remove_TIM	0428
		_remove_SIO	0433
		_remove_JOY	043E
		_add_VBL	0449
		_add_LCD	0454
		_add_TIM	045F
		_add_SIO	046A
		_add_JOY	0475
		_clock	0480
		__printTStates	0489
		banked_call	048A
		banked_ret	04A3
AREA _BASE
	RADIX HEX
	BASE 04AC
	SIZE 021A
	ATTRIB REL CON
	GLOBALS
		_scroll_bkg	04AC
		.mv_sprite	04C2
		_move_sprite	04D1
		_set_win_data	04DE
		_set_bkg_data	04DE
		_set_sprite_data	052B
		.scroll_sprite	055A
		_scroll_sprite	056B
		.padup	0578
		_waitpadup	0578
		.jpad	0588
		.wait_pad	05B5
		_joypad	05BC
		_waitpad	05C1
		.set_sprite_tile	05CB
		_set_sprite_tile	05D8
		.delay	05E3
		_delay	061D
		.copy_vram	0626
		_get_data	0635
		_set_data	0635
		_set_bkg_tiles	0648
		.set_xy_wtt	065C
		.set_xy_btt	066D
		.set_xy_tt	067C
		_set_tiles	06AD
AREA _LIT
	RADIX HEX
	BASE 06C6
	SIZE 0000
	ATTRIB REL CON
AREA _GSINIT
	RADIX HEX
	BASE 06C6
	SIZE 14A0
	ATTRIB REL CON
	GLOBALS
		gsinit	06C6
AREA _GSINITTAIL
	RADIX HEX
	BASE 1B66
	SIZE 0001
	ATTRIB REL CON
AREA _GSFINAL
	RADIX HEX
	BASE 1B67
	SIZE 0000
	ATTRIB REL CON
AREA _DATA
	RADIX HEX
	BASE C0A0
	SIZE 0370
	ATTRIB REL CON
	GLOBALS
		_Smiler	C0A0
		_backgroundmap	C0C0
		_backgroundtiles	C390
AREA _BSS
	RADIX HEX
	BASE C410
	SIZE 0059
	ATTRIB REL CON
	GLOBALS
		__cpu	C410
		.mode	C411
		__io_out	C412
		__io_in	C413
		__io_status	C414
		.vbl_done	C415
		__current_bank	C416
		_sys_time	C417
		.sys_time	C417
		.int_0x40	C419
		.int_0x48	C429
		.int_0x50	C439
		.int_0x58	C449
		.int_0x60	C459
AREA _HEAP
	RADIX HEX
	BASE C469
	SIZE 0000
	ATTRIB REL CON
	GLOBALS
		_malloc_heap_start	C469
AREA _OVERLAY
	RADIX HEX
	BASE C469
	SIZE 0000
	ATTRIB REL CON
AREA _ISEG
	RADIX HEX
	BASE C469
	SIZE 0000
	ATTRIB REL CON
AREA _BSEG
	RADIX HEX
	BASE C469
	SIZE 0000
	ATTRIB REL CON
AREA _XSEG
	RADIX HEX
	BASE C469
	SIZE 0000
	ATTRIB REL CON
AREA _SFR
	RADIX HEX
	BASE 0000
	SIZE 10000
	ATTRIB ABS OVR
	GLOBALS
		_P1_REG	FF00
		_SB_REG	FF01
		_SC_REG	FF02
		_DIV_REG	FF04
		_TIMA_REG	FF05
		_TMA_REG	FF06
		_TAC_REG	FF07
		_IF_REG	FF0F
		_NR10_REG	FF10
		_NR11_REG	FF11
		_NR12_REG	FF12
		_NR13_REG	FF13
		_NR14_REG	FF14
		_NR21_REG	FF16
		_NR22_REG	FF17
		_NR23_REG	FF18
		_NR24_REG	FF19
		_NR30_REG	FF1A
		_NR31_REG	FF1B
		_NR32_REG	FF1C
		_NR33_REG	FF1D
		_NR34_REG	FF1E
		_NR41_REG	FF20
		_NR42_REG	FF21
		_NR43_REG	FF22
		_NR44_REG	FF23
		_NR50_REG	FF24
		_NR51_REG	FF25
		_NR52_REG	FF26
		_LCDC_REG	FF40
		_STAT_REG	FF41
		_SCY_REG	FF42
		_SCX_REG	FF43
		_LY_REG	FF44
		_LYC_REG	FF45
		_DMA_REG	FF46
		_BGP_REG	FF47
		_OBP0_REG	FF48
		_OBP1_REG	FF49
		_WY_REG	FF4A
		_WX_REG	FF4B
		_KEY1_REG	FF4D
		_VBK_REG	FF4F
		_HDMA1_REG	FF51
		_HDMA2_REG	FF52
		_HDMA3_REG	FF53
		_HDMA4_REG	FF54
		_HDMA5_REG	FF55
		_RP_REG	FF56
		_BCPS_REG	FF68
		_BCPD_REG	FF69
		_OCPS_REG	FF6A
		_OCPD_REG	FF6B
		_SVBK_REG	FF70
		_IE_REG	FFFF
MODULES
	FILE c:\gbdk\lib/small/asxxxx/gb/crt0.o
		NAME Runtime
	FILE main.o
		NAME lcc59520
LIBRARIES
	LIBRARY c:\gbdk\lib/small/asxxxx/gb/gb.lib
		MODULE sfr.o
	LIBRARY c:\gbdk\lib/small/asxxxx/gb/gb.lib
		MODULE scroll_b.o
	LIBRARY c:\gbdk\lib/small/asxxxx/gb/gb.lib
		MODULE mv_spr.o
	LIBRARY c:\gbdk\lib/small/asxxxx/gb/gb.lib
		MODULE set_data.o
	LIBRARY c:\gbdk\lib/small/asxxxx/gb/gb.lib
		MODULE scroll_s.o
	LIBRARY c:\gbdk\lib/small/asxxxx/gb/gb.lib
		MODULE pad.o
	LIBRARY c:\gbdk\lib/small/asxxxx/gb/gb.lib
		MODULE set_spr.o
	LIBRARY c:\gbdk\lib/small/asxxxx/gb/gb.lib
		MODULE delay.o
	LIBRARY c:\gbdk\lib/small/asxxxx/gb/gb.lib
		MODULE cpy_data.o
	LIBRARY c:\gbdk\lib/small/asxxxx/gb/gb.lib
		MODULE set_bk_t.o
	LIBRARY c:\gbdk\lib/small/asxxxx/gb/gb.lib
		MODULE set_xy_t.o
USERBASEDEF
	_CODE=0x0200
	_DATA=0xC0A0
	_CODE_1=0x4000
USERGLOBALDEF
	.OAM=0xC000
	.STACK=0xE000
	.refresh_OAM=0xFF80
	.init=0x0000
